T=1788776576
  566 root      104m S    /opt/device-service/device-service /opt/device-service/config.json
kfifo_level=1
kfifo_overflow=0
timedout=0
errors=0
active
----
T=1788776636
  566 root      104m S    /opt/device-service/device-service /opt/device-service/config.json
kfifo_level=2
kfifo_overflow=294
timedout=0
errors=0
active
----
T=1788776697
  566 root      104m S    /opt/device-service/device-service /opt/device-service/config.json
kfifo_level=1
kfifo_overflow=294
timedout=0
errors=0
active
----
T=1788776757
  566 root      104m S    /opt/device-service/device-service /opt/device-service/config.json
kfifo_level=3
kfifo_overflow=294
timedout=0
errors=0
active
----
T=1788776817
  566 root      104m S    /opt/device-service/device-service /opt/device-service/config.json
kfifo_level=5
kfifo_overflow=294
timedout=0
errors=0
active
----
T=1788776878
  566 root      104m S    /opt/device-service/device-service /opt/device-service/config.json
kfifo_level=2
kfifo_overflow=294
timedout=0
errors=0
active
----
T=1788776938
  566 root      104m S    /opt/device-service/device-service /opt/device-service/config.json
kfifo_level=2
kfifo_overflow=294
timedout=0
errors=0
active
----
T=1788776998
  566 root      104m S    /opt/device-service/device-service /opt/device-service/config.json
kfifo_level=1
kfifo_overflow=294
timedout=0
errors=0
active
----
T=1788777059
  566 root      104m S    /opt/device-service/device-service /opt/device-service/config.json
kfifo_level=3
kfifo_overflow=294
timedout=0
errors=0
active
----
T=1788777119
  566 root      104m S    /opt/device-service/device-service /opt/device-service/config.json
kfifo_level=4
kfifo_overflow=294
timedout=0
errors=0
active
----
T=1788777179
  566 root      104m S    /opt/device-service/device-service /opt/device-service/config.json
kfifo_level=1
kfifo_overflow=294
timedout=0
errors=0
active
----
T=1788777240
  566 root      104m S    /opt/device-service/device-service /opt/device-service/config.json
kfifo_level=2
kfifo_overflow=294
timedout=0
errors=0
active
----
T=1788777300
  566 root      104m S    /opt/device-service/device-service /opt/device-service/config.json
kfifo_level=3
kfifo_overflow=294
timedout=0
errors=0
active
----
T=1788777361
  566 root      104m S    /opt/device-service/device-service /opt/device-service/config.json
kfifo_level=1
kfifo_overflow=294
timedout=0
errors=0
active
----
T=1788777421
  566 root      104m S    /opt/device-service/device-service /opt/device-service/config.json
kfifo_level=3
kfifo_overflow=294
timedout=0
errors=0
active
----
T=1788777481
  566 root      104m S    /opt/device-service/device-service /opt/device-service/config.json
kfifo_level=4
kfifo_overflow=294
timedout=0
errors=0
active
----
T=1788777542
  566 root      168m S    /opt/device-service/device-service /opt/device-service/config.json
kfifo_level=3
kfifo_overflow=706
timedout=0
errors=0
active
----
T=1788777602
  566 root      168m S    /opt/device-service/device-service /opt/device-service/config.json
kfifo_level=3
kfifo_overflow=706
timedout=0
errors=0
active
----
T=1788777662
  566 root      168m S    /opt/device-service/device-service /opt/device-service/config.json
kfifo_level=7
kfifo_overflow=706
timedout=0
errors=0
active
----
T=1788777723
  566 root      168m S    /opt/device-service/device-service /opt/device-service/config.json
kfifo_level=1
kfifo_overflow=706
timedout=0
errors=0
active
----
T=1788777783
  566 root      168m S    /opt/device-service/device-service /opt/device-service/config.json
kfifo_level=1
kfifo_overflow=706
timedout=0
errors=0
active
----
T=1788777843
  566 root      168m S    /opt/device-service/device-service /opt/device-service/config.json
kfifo_level=0
kfifo_overflow=706
timedout=0
errors=0
active
----
T=1788777903
  566 root      168m S    /opt/device-service/device-service /opt/device-service/config.json
kfifo_level=2
kfifo_overflow=706
timedout=0
errors=0
active
----
T=1788777964
  566 root      168m S    /opt/device-service/device-service /opt/device-service/config.json
kfifo_level=4
kfifo_overflow=706
timedout=0
errors=0
active
----
T=1788778024
  566 root      168m S    /opt/device-service/device-service /opt/device-service/config.json
kfifo_level=4
kfifo_overflow=706
timedout=0
errors=0
active
----
T=1788778084
  566 root      168m S    /opt/device-service/device-service /opt/device-service/config.json
kfifo_level=3
kfifo_overflow=706
timedout=0
errors=0
active
----
T=1788778145
  566 root      168m S    /opt/device-service/device-service /opt/device-service/config.json
kfifo_level=0
kfifo_overflow=706
timedout=0
errors=0
active
----
T=1788778205
  566 root      168m S    /opt/device-service/device-service /opt/device-service/config.json
kfifo_level=4
kfifo_overflow=706
timedout=0
errors=0
active
----
T=1788778265
  566 root      168m S    /opt/device-service/device-service /opt/device-service/config.json
kfifo_level=4
kfifo_overflow=706
timedout=0
errors=0
active
----
T=1788778326
  566 root      168m S    /opt/device-service/device-service /opt/device-service/config.json
kfifo_level=4
kfifo_overflow=706
timedout=0
errors=0
active
----
