T=1788778815
  566 root      168m S    /opt/device-service/device-service /opt/device-service/config.json
kfifo_level=1
kfifo_overflow=706
timedout=0
errors=0
active
----
T=1788778876
  566 root      168m S    /opt/device-service/device-service /opt/device-service/config.json
kfifo_level=1
kfifo_overflow=706
timedout=0
errors=0
active
----
T=1788778936
  566 root      168m S    /opt/device-service/device-service /opt/device-service/config.json
kfifo_level=0
kfifo_overflow=706
timedout=0
errors=0
active
----
T=1788778997
  566 root      168m S    /opt/device-service/device-service /opt/device-service/config.json
kfifo_level=1
kfifo_overflow=706
timedout=0
errors=0
active
----
T=1788779057
  566 root      168m S    /opt/device-service/device-service /opt/device-service/config.json
kfifo_level=0
kfifo_overflow=706
timedout=0
errors=0
active
----
T=1788779118
  566 root      168m S    /opt/device-service/device-service /opt/device-service/config.json
kfifo_level=1
kfifo_overflow=706
timedout=0
errors=0
active
----
T=1788779178
  566 root      168m S    /opt/device-service/device-service /opt/device-service/config.json
kfifo_level=1
kfifo_overflow=706
timedout=0
errors=0
active
----
T=1788779238
  566 root      168m S    /opt/device-service/device-service /opt/device-service/config.json
kfifo_level=1
kfifo_overflow=706
timedout=0
errors=0
active
----
T=1788779299
  566 root      168m S    /opt/device-service/device-service /opt/device-service/config.json
kfifo_level=1
kfifo_overflow=706
timedout=0
errors=0
active
----
T=1788779359
  566 root      168m S    /opt/device-service/device-service /opt/device-service/config.json
kfifo_level=0
kfifo_overflow=706
timedout=0
errors=0
active
----
T=1788779420
  566 root      168m S    /opt/device-service/device-service /opt/device-service/config.json
kfifo_level=1
kfifo_overflow=706
timedout=0
errors=0
active
----
T=1788779480
  566 root      168m S    /opt/device-service/device-service /opt/device-service/config.json
kfifo_level=1
kfifo_overflow=706
timedout=0
errors=0
active
----
T=1788779540
  566 root      168m S    /opt/device-service/device-service /opt/device-service/config.json
kfifo_level=0
kfifo_overflow=706
timedout=0
errors=0
active
----
T=1788779601
  566 root      168m S    /opt/device-service/device-service /opt/device-service/config.json
kfifo_level=0
kfifo_overflow=706
timedout=0
errors=0
active
----
T=1788779661
  566 root      168m S    /opt/device-service/device-service /opt/device-service/config.json
kfifo_level=1
kfifo_overflow=706
timedout=0
errors=0
active
----
T=1788779722
  566 root      168m S    /opt/device-service/device-service /opt/device-service/config.json
kfifo_level=0
kfifo_overflow=706
timedout=0
errors=0
active
----
T=1788779782
  566 root      168m S    /opt/device-service/device-service /opt/device-service/config.json
kfifo_level=0
kfifo_overflow=706
timedout=0
errors=0
active
----
T=1788779842
  566 root      168m S    /opt/device-service/device-service /opt/device-service/config.json
kfifo_level=0
kfifo_overflow=706
timedout=0
errors=0
active
----
T=1788779903
  566 root      168m S    /opt/device-service/device-service /opt/device-service/config.json
kfifo_level=1
kfifo_overflow=706
timedout=0
errors=0
active
----
T=1788779963
  566 root      168m S    /opt/device-service/device-service /opt/device-service/config.json
kfifo_level=0
kfifo_overflow=706
timedout=0
errors=0
active
----
T=1788780024
  566 root      168m S    /opt/device-service/device-service /opt/device-service/config.json
kfifo_level=0
kfifo_overflow=706
timedout=0
errors=0
active
----
T=1788780084
  566 root      168m S    /opt/device-service/device-service /opt/device-service/config.json
kfifo_level=1
kfifo_overflow=706
timedout=0
errors=0
active
----
T=1788780144
  566 root      168m S    /opt/device-service/device-service /opt/device-service/config.json
kfifo_level=2
kfifo_overflow=706
timedout=0
errors=0
active
----
T=1788780205
  566 root      168m S    /opt/device-service/device-service /opt/device-service/config.json
kfifo_level=0
kfifo_overflow=706
timedout=0
errors=0
active
----
T=1788780265
  566 root      168m S    /opt/device-service/device-service /opt/device-service/config.json
kfifo_level=2
kfifo_overflow=706
timedout=0
errors=0
active
----
T=1788780326
  566 root      168m S    /opt/device-service/device-service /opt/device-service/config.json
kfifo_level=0
kfifo_overflow=706
timedout=0
errors=0
active
----
T=1788780386
  566 root      168m S    /opt/device-service/device-service /opt/device-service/config.json
kfifo_level=0
kfifo_overflow=706
timedout=0
errors=0
active
----
T=1788780446
  566 root      168m S    /opt/device-service/device-service /opt/device-service/config.json
kfifo_level=1
kfifo_overflow=706
timedout=0
errors=0
active
----
T=1788780507
  566 root      168m S    /opt/device-service/device-service /opt/device-service/config.json
kfifo_level=1
kfifo_overflow=706
timedout=0
errors=0
active
----
T=1788780567
  566 root      168m S    /opt/device-service/device-service /opt/device-service/config.json
kfifo_level=2
kfifo_overflow=706
timedout=0
errors=0
active
----
